line: first line
line: second line
line: third line (terminated)
